============================= test session starts =============================
platform win32 -- Python 3.12.3, pytest-9.0.2, pluggy-1.6.0
rootdir: D:\pythonProject\edge-scanner
plugins: anyio-4.8.0, Faker-37.6.0
collected 94 items

tests\test_app_scan_inputs.py ....                                       [  4%]
tests\test_arbitrage.py ...F.................                            [ 26%]
tests\test_ev.py ..........                                              [ 37%]
tests\test_history.py ..........                                         [ 47%]
tests\test_middles.py .....F...................                          [ 74%]
tests\test_scanner_regressions.py .....                                  [ 79%]
tests\test_utils.py ....FFFFF..........                                  [100%]

================================== FAILURES ===================================
___________________ TestRemoveVig.test_typical_pinnacle_vig ___________________

self = <tests.test_arbitrage.TestRemoveVig testMethod=test_typical_pinnacle_vig>

    def test_typical_pinnacle_vig(self):
        """Pinnacle typical ~2% vig on a close line."""
        # Roughly -110 / -110 American = 1.909 decimal each
        _, _, vig = remove_vig(1.909, 1.909)
>       self.assertAlmostEqual(vig, 2.0, delta=0.5)
E       AssertionError: 4.766893661602922 != 2.0 within 0.5 delta (2.7668936616029223 difference)

tests\test_arbitrage.py:38: AssertionError
______________________ TestSpreadGapInfo.test_valid_gap _______________________

self = <tests.test_middles.TestSpreadGapInfo testMethod=test_valid_gap>

    def test_valid_gap(self):
        result = spread_gap_info(-3.0, 3.5)
>       self.assertIsNotNone(result)
E       AssertionError: unexpectedly None

tests\test_middles.py:18: AssertionError
______________________ TestSafePointKey.test_half_point _______________________

self = <tests.test_utils.TestSafePointKey testMethod=test_half_point>

    def test_half_point(self):
>       self.assertEqual(scanner._safe_point_key(4.5), "4.5")
E       AssertionError: 4.5 != '4.5'

tests\test_utils.py:27: AssertionError
_____________________ TestSafePointKey.test_integer_point _____________________

self = <tests.test_utils.TestSafePointKey testMethod=test_integer_point>

    def test_integer_point(self):
>       self.assertEqual(scanner._safe_point_key(5.0), "5")
E       AssertionError: 5.0 != '5'

tests\test_utils.py:24: AssertionError
____________________ TestSafePointKey.test_negative_point _____________________

self = <tests.test_utils.TestSafePointKey testMethod=test_negative_point>

    def test_negative_point(self):
>       self.assertEqual(scanner._safe_point_key(-3.0), "-3")
E       AssertionError: -3.0 != '-3'

tests\test_utils.py:30: AssertionError
_______________ TestSafePointKey.test_non_numeric_returns_empty _______________

self = <tests.test_utils.TestSafePointKey testMethod=test_non_numeric_returns_empty>

    def test_non_numeric_returns_empty(self):
>       self.assertEqual(scanner._safe_point_key("abc"), "")
E       AssertionError: 'abc' != ''
E       - abc

tests\test_utils.py:36: AssertionError
__________________ TestSafePointKey.test_none_returns_empty ___________________

self = <tests.test_utils.TestSafePointKey testMethod=test_none_returns_empty>

    def test_none_returns_empty(self):
>       self.assertEqual(scanner._safe_point_key(None), "")
E       AssertionError: None != ''

tests\test_utils.py:33: AssertionError
=========================== short test summary info ===========================
FAILED tests/test_arbitrage.py::TestRemoveVig::test_typical_pinnacle_vig - As...
FAILED tests/test_middles.py::TestSpreadGapInfo::test_valid_gap - AssertionEr...
FAILED tests/test_utils.py::TestSafePointKey::test_half_point - AssertionErro...
FAILED tests/test_utils.py::TestSafePointKey::test_integer_point - AssertionE...
FAILED tests/test_utils.py::TestSafePointKey::test_negative_point - Assertion...
FAILED tests/test_utils.py::TestSafePointKey::test_non_numeric_returns_empty
FAILED tests/test_utils.py::TestSafePointKey::test_none_returns_empty - Asser...
======================== 7 failed, 87 passed in 1.24s =========================
